the method s signature is a combination of the name of the method the type of object or
                       ____                                                          __
base type this method returns and a list          of parameters
                                    ________________           
for and while loops for iteration or repeating a statement or statements multiple
___     _____       ___           __                       __                    
times                 double-slashes can be used      for a single line of comment
                                                      ___                         
int          arg1        float           arg2      string    arg3
___                      _____                     ______        
for     each of these rectangles   you have two methods to choose       from
____________                                                            ____
note how the arguments are grouped    in the listing   putting quotes around foo   bar causes that
                                      __                                                          
argument to    be treated as one      unit inside the argument array
                                      ____                          
java can understand method overloading as long as each parameter list        is            unique 
                                                                             __                   
sfor each method name         you can also create a color object using three     floats from 0 to 1
                                                                                        ____       
IEEE 754 an international standard for defining floating-point numbers and arithmetic
                                   ___                                               
first              of all  the finalizer method is      not guaranteed to be called until 
_____________________                           __                                        
the object s memory                         is actually reclaimed
                                            __                   
a single animation frame is     constructed inside that       while loop
                         __                                   _____     
Out keywords are      first       of      for        for  each   from    in    is
                      ______________      ___        _________   ____    __    __
is      a     list     of unit      or    while      int     float      double    string
_________     ___________ ____      __    _____      ___     _____      ______    ______
not    first      firsttt of     ffirst      of     first
                                                         
of        ffor      forr     forr eaaaach ffor each     for
                                                        ___
each     intt      orint     floats   
                                      
strings and arrays are real                       objects in Java
                                                          __     
you           should get the string    hello world
                             ______               
java supplies    wrapper    classes    for    each of    the base types
                                       ___________                     
java defines eight primitive types of data    byte  short
                                                         
int    long    char  float    double           and boolean
___                  _____    ______                      
There are            two
                        
kinds of floating-point types float and double
                              _____     ______
which represent single- and    double-precision   numbers respectively
                                                                      
returns a Class object        for      each      of the public classes
                              _____________                           
and interfaces that are    members of the invoking     object
                                                             
For        each word the
                        
program keeps track of its length in the current font and automatically advances to the next
                                  __                                                        
line if              the word will not fit on the current line
                                                              
This       is    not a list   of minor tweaks or incremental upgrades
           __          _________              __                     
The output of this program is the list         of words
                           __     _______________      
float
_____
int
___
boolean
       
form
    
string
______
integer
       
char
    
for
___
while
_____
returns a value                that indicates an enumeration
                                                            
constant s position             in the list   of constants
                                __     _________          
C is               a language designed by        and for programmers
  __________________                                 ___            
Thus                the two
                           
statements inside the block form a   logical unit
                                             ____
and one statement               cannot execute without
                                                      
the other also                         executing
                                                
