it is just a simple test
   __                   
with a float
       _____
